[event-theme.com/themes/gocourierwp/index.html]
[backblue.gif]
[fade.gif]
[index.html]
[event-theme.com/themes/gocourierwp/wp-content/plugins/contact-form-7/includes/css/stylesce52.css]
[event-theme.com/themes/gocourierwp/feed/index.html]
[event-theme.com/themes/gocourierwp/wp-content/plugins/siteorigin-panels/css/front-flex61da.css]
[event-theme.com/themes/gocourierwp/wp-content/plugins/woocommerce/assets/css/woocommerce-layout3d36.css]
[event-theme.com/themes/gocourierwp/comments/feed/index.html]
[event-theme.com/themes/gocourierwp/wp-content/plugins/woocommerce/assets/css/woocommerce-smallscreen3d36.css]
[event-theme.com/themes/gocourierwp/wp-content/plugins/woocommerce/assets/css/woocommerce3d36.css]
[event-theme.com/themes/gocourierwp/wp-content/plugins/yith-woocommerce-order-tracking/assets/css/ywot_style5010.css]
[event-theme.com/themes/gocourierwp/wp-content/themes/gocourier/css/bootstrap.css]
[event-theme.com/themes/gocourierwp/wp-content/themes/gocourier/css/font-awesome.min.css]
[event-theme.com/themes/gocourierwp/wp-content/themes/gocourier/css/et-line.css]
[event-theme.com/themes/gocourierwp/wp-content/themes/gocourier/css/carousel.css]
[event-theme.com/themes/gocourierwp/wp-content/themes/gocourier/css/animate.css]
[event-theme.com/themes/gocourierwp/wp-content/themes/gocourier/css/slimmenu.css]
[event-theme.com/themes/gocourierwp/wp-content/themes/gocourier/css/styles.css]
[event-theme.com/themes/gocourierwp/wp-content/themes/gocourier/style5010.css]
[event-theme.com/themes/gocourierwp/wp-content/themes/gocourier/css/responsive.css]
[event-theme.com/themes/gocourierwp/wp-content/themes/gocourier/css/custom_style5010.css]
[event-theme.com/themes/gocourierwp/wp-content/themes/gocourier/css/custom_style_banner5010.css]
[event-theme.com/themes/gocourierwp/wp-includes/js/jquery/jqueryb8ff.js]
[event-theme.com/themes/gocourierwp/wp-includes/js/jquery/jquery-migrate.min330a.js]
[event-theme.com/themes/gocourierwp/wp-content/themes/gocourier/js/ajax-login-script5010.js]
[event-theme.com/themes/gocourierwp/wp-content/plugins/yith-woocommerce-order-tracking/assets/js/jquery.tooltipster.min5010.js]
[event-theme.com/themes/gocourierwp/wp-content/plugins/yith-woocommerce-order-tracking/assets/js/ywot5010.js]
[event-theme.com/themes/gocourierwp/xmlrpc0db0.php]
[event-theme.com/themes/gocourierwp/wp-json/index.html]
[event-theme.com/themes/gocourierwp/wp-includes/wlwmanifest.xml]
[event-theme.com/themes/gocourierwp/wp-json/oembed/1.0/embedab70.json]
[event-theme.com/themes/gocourierwp/wp-json/oembed/1.0/embed11ff]
[event-theme.com/themes/gocourierwp/wp-content/uploads/2016/05/Managing-Cities-with-Urban-Computing-2.jpg]
[event-theme.com/themes/gocourierwp/wp-content/uploads/2016/05/cropped-cropped-logo-2-150x150.jpg]
[event-theme.com/themes/gocourierwp/wp-content/uploads/2016/05/cropped-cropped-logo-2-300x300.jpg]
[event-theme.com/themes/gocourierwp/wp-content/uploads/2016/05/cropped-cropped-logo-2-180x180.jpg]
[event-theme.com/themes/gocourierwp/wp-content/themes/gocourier/images/logo.png]
[event-theme.com/themes/gocourierwp/my-account/lost-password/index.html]
[event-theme.com/themes/gocourierwp/wp-content/uploads/2016/05/icon-1.png]
[event-theme.com/themes/gocourierwp/my-account/index.html]
[event-theme.com/themes/gocourierwp/wp-content/uploads/2016/05/icon-2.png]
[event-theme.com/themes/gocourierwp/wp-content/uploads/2016/05/icon-3.png]
[event-theme.com/themes/gocourierwp/home-2/index.html]
[event-theme.com/themes/gocourierwp/about-us/index.html]
[event-theme.com/themes/gocourierwp/wp-content/uploads/2016/05/icon-4.png]
[event-theme.com/themes/gocourierwp/order-tracking/index.html]
[event-theme.com/themes/gocourierwp/wp-content/uploads/2016/05/about-img.png]
[event-theme.com/themes/gocourierwp/pricing-plan/index.html]
[event-theme.com/themes/gocourierwp/contact-us/index.html]
[event-theme.com/themes/gocourierwp/wp-content/uploads/2016/05/calculate-2.png]
[event-theme.com/themes/gocourierwp/wp-content/uploads/2016/05/step-img.png]
[event-theme.com/themes/gocourierwp/wp-content/uploads/2016/05/testi1-2.jpg]
[event-theme.com/themes/gocourierwp/wp-content/plugins/gocourier-shortcodes/assets/images/testi-quote.png]
[event-theme.com/themes/gocourierwp/wp-content/uploads/2016/05/01_Go_Home-1.png]
[event-theme.com/themes/gocourierwp/wp-content/uploads/2016/05/footer_logo-2.png]
[event-theme.com/themes/gocourierwp/wp-content/uploads/2016/05/payment-1.png]
[event-theme.com/themes/gocourierwp/wp-content/plugins/gocourier-shortcodes/assets/css/other-shortcodes5152.css]
[event-theme.com/themes/gocourierwp/wp-content/plugins/gocourier-shortcodes/assets/css/content-shortcodes5152.css]
[event-theme.com/themes/gocourierwp/wp-content/plugins/gocourier-shortcodes/assets/css/box-shortcodes5152.css]
[event-theme.com/themes/gocourierwp/blog/index.html]
[maxcdn.bootstrapcdn.com/font-awesome/4.6.3/css/font-awesome.min4698.css]
[event-theme.com/themes/gocourierwp/2016/05/14/hello-world-2/index.html]
[event-theme.com/themes/gocourierwp/wp-content/plugins/contact-form-7/includes/js/scriptsce52.js]
[event-theme.com/themes/gocourierwp/wp-content/plugins/woocommerce/assets/js/frontend/add-to-cart.min3d36.js]
[event-theme.com/themes/gocourierwp/wp-content/plugins/woocommerce/assets/js/jquery-blockui/jquery.blockUI.min44fd.js]
[event-theme.com/themes/gocourierwp/wp-content/plugins/woocommerce/assets/js/js-cookie/js.cookie.min6b25.js]
[event-theme.com/themes/gocourierwp/wp-content/plugins/woocommerce/assets/js/frontend/woocommerce.min3d36.js]
[event-theme.com/themes/gocourierwp/wp-content/plugins/woocommerce/assets/js/frontend/cart-fragments.min3d36.js]
[event-theme.com/themes/gocourierwp/wp-content/themes/gocourier/js/bootstrap5010.js]
[event-theme.com/themes/gocourierwp/wp-content/themes/gocourier/js/retina5010.js]
[event-theme.com/themes/gocourierwp/wp-content/themes/gocourier/js/wow5010.js]
[event-theme.com/themes/gocourierwp/wp-content/themes/gocourier/js/scroll5152.js]
[event-theme.com/themes/gocourierwp/wp-content/themes/gocourier/js/waypoints.min5010.js]
[event-theme.com/themes/gocourierwp/wp-content/themes/gocourier/js/carousel5152.js]
[event-theme.com/themes/gocourierwp/wp-content/themes/gocourier/js/lib/jquery.easing.min5152.js]
[event-theme.com/themes/gocourierwp/wp-content/themes/gocourier/js/jquery.fitvid5010.js]
[event-theme.com/themes/gocourierwp/wp-content/themes/gocourier/js/jquery.sticky5010.js]
[event-theme.com/themes/gocourierwp/wp-content/themes/gocourier/js/jquery.slimmenu.min5152.js]
[event-theme.com/themes/gocourierwp/wp-content/themes/gocourier/js/scripts5010.js]
[event-theme.com/themes/gocourierwp/wp-content/themes/gocourier/js/custom5010.js]
[event-theme.com/themes/gocourierwp/wp-includes/js/wp-embed.min5010.js]
[event-theme.com/themes/gocourierwp/wp-content/plugins/siteorigin-panels/js/styling-262.min61da.js]
[event-theme.com/themes/gocourierwp/wp-content/plugins/siteorigin-panels/js/siteorigin-parallax.min61da.js]
[event-theme.com/themes/gocourierwp/wp-content/plugins/gocourier-shortcodes/assets/js/other-shortcodes5152.js]
[event-theme.com/themes/gocourierwp/index.html]
[event-theme.com/themes/gocourierwp/xmlrpc.php]
[event-theme.com/themes/gocourierwp/wp-content/plugins/gocourier-shortcodes/assets/js/inviewe1fc.js]
[event-theme.com/themes/gocourierwp/wp-content/plugins/contact-form-7/images/ajax-loader.gif]
[event-theme.com/themes/gocourierwp/wp-content/plugins/contact-form-7/includes/css/stylesce52.css]
[event-theme.com/themes/gocourierwp/wp-content/plugins/siteorigin-panels/css/front-flex61da.css]
[event-theme.com/themes/gocourierwp/wp-content/plugins/woocommerce/assets/css/woocommerce-layout3d36.css]
[event-theme.com/themes/gocourierwp/wp-content/plugins/woocommerce/assets/css/woocommerce-smallscreen3d36.css]
[event-theme.com/themes/gocourierwp/wp-content/plugins/woocommerce/assets/fonts/star.eot]
[event-theme.com/themes/gocourierwp/wp-content/plugins/woocommerce/assets/fonts/stard41d.eot]
[event-theme.com/themes/gocourierwp/wp-content/plugins/woocommerce/assets/fonts/star.woff]
[event-theme.com/themes/gocourierwp/wp-content/plugins/woocommerce/assets/fonts/star.ttf]
[event-theme.com/themes/gocourierwp/wp-content/plugins/woocommerce/assets/fonts/WooCommerce.eot]
[event-theme.com/themes/gocourierwp/wp-content/plugins/woocommerce/assets/fonts/WooCommerced41d.eot]
[event-theme.com/themes/gocourierwp/wp-content/plugins/woocommerce/assets/fonts/WooCommerce.woff]
[event-theme.com/themes/gocourierwp/wp-content/plugins/woocommerce/assets/fonts/WooCommerce.ttf]
[event-theme.com/themes/gocourierwp/wp-content/plugins/woocommerce/assets/css/photoswipe/default-skin/default-skin.png]
[event-theme.com/themes/gocourierwp/wp-content/plugins/woocommerce/assets/css/woocommerce3d36.css]
[event-theme.com/themes/gocourierwp/wp-content/plugins/yith-woocommerce-order-tracking/assets/css/ywot_style5010.css]
[event-theme.com/themes/gocourierwp/wp-content/themes/gocourier/fonts/fontawesome/fontawesome-webfont.eot]
[event-theme.com/themes/gocourierwp/wp-content/themes/gocourier/fonts/fontawesome/fontawesome-webfont.woff]
[event-theme.com/themes/gocourierwp/wp-content/themes/gocourier/fonts/fontawesome/fontawesome-webfontd41d.eot]
[event-theme.com/themes/gocourierwp/wp-content/themes/gocourier/fonts/fontawesome/fontawesome-webfont.ttf]
[event-theme.com/themes/gocourierwp/wp-content/themes/gocourier/css/bootstrap.css]
[event-theme.com/themes/gocourierwp/wp-content/themes/gocourier/fonts/fontawesome/fontawesome-webfonte0a5.woff]
[event-theme.com/themes/gocourierwp/wp-content/themes/gocourier/fonts/fontawesome/fontawesome-webfonte0a5.ttf]
[event-theme.com/themes/gocourierwp/wp-content/themes/gocourier/fonts/fontawesome/fontawesome-webfonte0a5.woff2]
[event-theme.com/themes/gocourierwp/wp-content/themes/gocourier/css/font-awesome.min.css]
[event-theme.com/themes/gocourierwp/wp-content/themes/gocourier/fonts/et-lined41d.eot]
[event-theme.com/themes/gocourierwp/wp-content/themes/gocourier/fonts/et-line.woff]
[event-theme.com/themes/gocourierwp/wp-content/themes/gocourier/fonts/et-line.ttf]
[event-theme.com/themes/gocourierwp/wp-content/themes/gocourier/css/et-line.css]
[event-theme.com/themes/gocourierwp/wp-content/themes/gocourier/css/owl.video.play.6b.delayed]
[event-theme.com/themes/gocourierwp/wp-content/themes/gocourier/css/carousel.css]
[event-theme.com/themes/gocourierwp/wp-content/themes/gocourier/css/animate.css]
[event-theme.com/themes/gocourierwp/wp-content/themes/gocourier/css/slimmenu.css]
[event-theme.com/themes/gocourierwp/wp-content/themes/gocourier/images/topbar-bg.jpg]
[event-theme.com/themes/gocourierwp/wp-content/themes/gocourier/images/footer-bg.jpg]
[event-theme.com/themes/gocourierwp/wp-content/themes/gocourier/css/styles.css]
[event-theme.com/themes/gocourierwp/wp-content/themes/gocourier/style5010.css]
[event-theme.com/themes/gocourierwp/wp-content/themes/gocourier/css/responsive.css]
[event-theme.com/themes/gocourierwp/wp-content/themes/gocourier/css/custom_style5010.css]
[event-theme.com/themes/gocourierwp/wp-content/themes/gocourier/css/custom_style_banner5010.html]
[event-theme.com/themes/gocourierwp/wp-content/themes/gocourier/js/custom_script5152.js]
[event-theme.com/themes/gocourierwp/wp-content/plugins/woocommerce/assets/css/select23d36.css]
[event-theme.com/themes/gocourierwp/wp-includes/js/zxcvbn-async.min5152.js]
[event-theme.com/themes/gocourierwp/wp-json/oembed/1.0/embed3e75.json]
[event-theme.com/themes/gocourierwp/wp-json/oembed/1.0/embedc877]
[event-theme.com/themes/gocourierwp/wp-login.html]
[event-theme.com/themes/gocourierwp/2016/05/19/like-aldus-pagemaker-including-versions-of/index.html]
[event-theme.com/themes/gocourierwp/2016/05/10/hello-world-2-2/index.html]
[event-theme.com/themes/gocourierwp/2017/02/27/hello-world/index.html]
[event-theme.com/themes/gocourierwp/wp-content/uploads/2013/06/T_2_back-1.73.delayed]
[event-theme.com/themes/gocourierwp/product/woo-ninja-3/index.html]
[event-theme.com/themes/gocourierwp/wp-content/uploads/2013/06/T_2_front-1.jpg]
[event-theme.com/themes/gocourierwp/2017/02/index.html]
[event-theme.com/themes/gocourierwp/wp-content/uploads/2013/06/hoodie_1_front-1.jpg]
[event-theme.com/themes/gocourierwp/2016/05/index.html]
[event-theme.com/themes/gocourierwp/wp-content/uploads/2013/06/T_6_front-1.jpg]
[event-theme.com/themes/gocourierwp/wp-content/uploads/2013/06/T_1_back-1.jpg]
[event-theme.com/themes/gocourierwp/product/premium-quality-2/index.html]
[event-theme.com/themes/gocourierwp/wp-content/uploads/2013/06/T_3_front-1.jpg]
[event-theme.com/themes/gocourierwp/wp-content/plugins/gocourier-shortcodes/assets/css/galleries-shortcodes5152.css]
[event-theme.com/themes/gocourierwp/wp-admin/js/password-strength-meter.min5010.js]
[event-theme.com/themes/gocourierwp/wp-content/plugins/woocommerce/assets/js/selectWoo/selectWoo.full.min20b9.js]
[event-theme.com/themes/gocourierwp/wp-content/plugins/woocommerce/assets/js/frontend/password-strength-meter.min3d36.js]
[event-theme.com/themes/gocourierwp/wp-content/plugins/woocommerce/assets/js/frontend/lost-password.min3d36.js]
[event-theme.com/themes/gocourierwp/wp-content/plugins/gocourier-shortcodes/assets/js/swiperc141.js]
[event-theme.com/themes/gocourierwp/my-account/lost-password/index.html]
[event-theme.com/themes/gocourierwp/my-account/index.html]
[event-theme.com/themes/gocourierwp/wp-content/plugins/gocourier-shortcodes/assets/js/galleries-shortcodes5152.js]
[event-theme.com/themes/gocourierwp/wp-json/oembed/1.0/embed1bf3.json]
[event-theme.com/themes/gocourierwp/category/uncategorized/index.html]
[event-theme.com/themes/gocourierwp/wp-json/oembed/1.0/embed4577]
[event-theme.com/themes/gocourierwp/wp-content/uploads/2016/08/banner-2.jpg]
[event-theme.com/themes/gocourierwp/wp-content/themes/gocourier/images/logo-2.png]
[event-theme.com/themes/gocourierwp/home-2/index.html]
[event-theme.com/themes/gocourierwp/wp-json/oembed/1.0/embed9758.json]
[event-theme.com/themes/gocourierwp/wp-json/oembed/1.0/embed329b]
[event-theme.com/themes/gocourierwp/wp-content/uploads/2016/05/van-3.png]
[event-theme.com/themes/gocourierwp/about-us/index.html]
[event-theme.com/themes/gocourierwp/wp-json/oembed/1.0/embedc4d0.json]
[event-theme.com/themes/gocourierwp/order-tracking/index.html]
[event-theme.com/themes/gocourierwp/wp-json/oembed/1.0/embeda9de]
[event-theme.com/themes/gocourierwp/wp-json/oembed/1.0/embede30d.json]
[event-theme.com/themes/gocourierwp/pricing-plan/index.html]
[event-theme.com/themes/gocourierwp/wp-json/oembed/1.0/embed01e2]
[event-theme.com/themes/gocourierwp/wp-json/oembed/1.0/embed7b3a.json]
[event-theme.com/themes/gocourierwp/wp-json/oembed/1.0/embed71d7]
[event-theme.com/themes/gocourierwp/wp-content/uploads/2016/05/07_Go_Contact-1.png]
[event-theme.com/themes/gocourierwp/contact-us/index.html]
[event-theme.com/themes/gocourierwp/wp-content/uploads/2016/08/banner-2-1000x600.jpg]
[event-theme.com/themes/gocourierwp/wp-content/uploads/2016/05/Managing-Cities-with-Urban-Computing-2-1000x600.jpg]
[event-theme.com/themes/gocourierwp/wp-content/uploads/2016/05/van-3-1000x600.png]
[event-theme.com/themes/gocourierwp/blog/index.html]
[event-theme.com/themes/gocourierwp/wp-json/oembed/1.0/embed1dbe.json]
[event-theme.com/themes/gocourierwp/2016/05/14/hello-world-2/feed/index.html]
[event-theme.com/themes/gocourierwp/wp-json/oembed/1.0/embed3364]
[event-theme.com/themes/gocourierwp/wp-includes/js/comment-reply.min5010.js]
[event-theme.com/themes/gocourierwp/2016/05/14/hello-world-2/index.html]
[event-theme.com/themes/gocourierwp/wp-content/plugins/gocourier-shortcodes/assets/css/other-shortcodes5152.css]
[event-theme.com/themes/gocourierwp/wp-content/plugins/gocourier-shortcodes/assets/images/styles/style-soft.png]
[event-theme.com/themes/gocourierwp/wp-content/plugins/gocourier-shortcodes/assets/images/styles/style-glass.png]
[event-theme.com/themes/gocourierwp/wp-content/plugins/gocourier-shortcodes/assets/images/styles/style-bubbles.png]
[event-theme.com/themes/gocourierwp/wp-content/plugins/gocourier-shortcodes/assets/images/styles/style-noise.png]
[event-theme.com/themes/gocourierwp/wp-content/plugins/gocourier-shortcodes/assets/css/content-shortcodes5152.css]
[event-theme.com/themes/gocourierwp/wp-content/plugins/gocourier-shortcodes/assets/images/quote.png]
[event-theme.com/themes/gocourierwp/wp-content/plugins/gocourier-shortcodes/assets/css/box-shortcodes5152.css]
[maxcdn.bootstrapcdn.com/font-awesome/4.6.3/css/font-awesome.min4698.css]
[event-theme.com/themes/gocourierwp/wp-content/plugins/woocommerce/assets/fonts/star.svg]
[event-theme.com/themes/gocourierwp/wp-content/plugins/woocommerce/assets/fonts/WooCommerce.svg]
[event-theme.com/themes/gocourierwp/wp-content/plugins/woocommerce/assets/images/icons/loader.svg]
[event-theme.com/themes/gocourierwp/wp-content/plugins/woocommerce/assets/images/icons/credit-cards/visa.svg]
[event-theme.com/themes/gocourierwp/wp-content/plugins/woocommerce/assets/images/icons/credit-cards/mastercard.svg]
[event-theme.com/themes/gocourierwp/wp-content/plugins/woocommerce/assets/images/icons/credit-cards/laser.svg]
[event-theme.com/themes/gocourierwp/wp-content/plugins/woocommerce/assets/images/icons/credit-cards/diners.svg]
[event-theme.com/themes/gocourierwp/wp-content/plugins/woocommerce/assets/images/icons/credit-cards/maestro.svg]
[event-theme.com/themes/gocourierwp/author/cpadmin/index.html]
[event-theme.com/themes/gocourierwp/wp-content/plugins/woocommerce/assets/images/icons/credit-cards/jcb.svg]
[event-theme.com/themes/gocourierwp/wp-content/plugins/woocommerce/assets/images/icons/credit-cards/amex.svg]
[event-theme.com/themes/gocourierwp/wp-content/plugins/woocommerce/assets/images/icons/credit-cards/discover.svg]
[event-theme.com/themes/gocourierwp/wp-content/themes/gocourier/fonts/fontawesome/fontawesome-webfont.svg]
[event-theme.com/themes/gocourierwp/wp-content/themes/gocourier/fonts/fontawesome/fontawesome-webfonte0a5.eot]
[event-theme.com/themes/gocourierwp/wp-content/themes/gocourier/fonts/fontawesome/fontawesome-webfonte0a5.svg]
[event-theme.com/themes/gocourierwp/wp-content/themes/gocourier/fonts/et-line.svg]
[event-theme.com/themes/gocourierwp/wp-content/themes/gocourier/css/owl.video.play.html]
[event-theme.com/themes/gocourierwp/wp-content/themes/gocourier/fonts/et-line.eot]
[event-theme.com/themes/gocourierwp/wp-content/plugins/woocommerce/assets/css/select23d36.css]
[event-theme.com/themes/gocourierwp/indexb135.html]
[event-theme.com/themes/gocourierwp/2017/02/27/hello-world/feed/index.html]
[event-theme.com/themes/gocourierwp/wp-json/oembed/1.0/embedea23.json]
[event-theme.com/themes/gocourierwp/2017/02/27/hello-world/index.html]
[event-theme.com/themes/gocourierwp/wp-json/oembed/1.0/embedbbad]
[event-theme.com/themes/gocourierwp/2016/05/14/hello-world-2/index0e22.html]
[event-theme.com/themes/gocourierwp/wp-json/oembed/1.0/embed0e6f.json]
[event-theme.com/themes/gocourierwp/2016/05/19/like-aldus-pagemaker-including-versions-of/feed/index.html]
[event-theme.com/themes/gocourierwp/2016/05/19/like-aldus-pagemaker-including-versions-of/index.html]
[event-theme.com/themes/gocourierwp/wp-json/oembed/1.0/embedc1a0]
[event-theme.com/themes/gocourierwp/2016/05/10/hello-world-2-2/feed/index.html]
[event-theme.com/themes/gocourierwp/wp-json/oembed/1.0/embed1137.json]
[event-theme.com/themes/gocourierwp/2017/02/27/hello-world/index6809.html]
[event-theme.com/themes/gocourierwp/2016/05/10/hello-world-2-2/index.html]
[event-theme.com/themes/gocourierwp/wp-json/oembed/1.0/embedfe48]
[event-theme.com/themes/gocourierwp/wp-content/uploads/2013/06/T_5_front-1.jpg]
[event-theme.com/themes/gocourierwp/product/woo-ninja-3/feed/index.html]
[event-theme.com/themes/gocourierwp/wp-json/oembed/1.0/embed8110.json]
[event-theme.com/themes/gocourierwp/wp-json/oembed/1.0/embed33b5]
[event-theme.com/themes/gocourierwp/wp-content/uploads/2013/06/T_5_front-1-600x600.jpg]
[event-theme.com/themes/gocourierwp/wp-content/uploads/2013/06/cd_2_angle-1.jpg]
[event-theme.com/themes/gocourierwp/wp-content/uploads/2013/06/T_4_front1-1.jpg]
[event-theme.com/themes/gocourierwp/product/woo-logo-3/index.html]
[event-theme.com/themes/gocourierwp/2016/05/10/hello-world-2-2/index3094.html]
[event-theme.com/themes/gocourierwp/wp-content/plugins/woocommerce/assets/js/frontend/single-product.min3d36.js]
[event-theme.com/themes/gocourierwp/product/woo-ninja-3/index.html]
[event-theme.com/themes/gocourierwp/shop/index.html]
[event-theme.com/themes/gocourierwp/product/woo-ninja-3/index4178.html]
[event-theme.com/themes/gocourierwp/product/ship-your-idea-3/index.html]
[event-theme.com/themes/gocourierwp/wp-json/oembed/1.0/embeddfd6.json]
[event-theme.com/themes/gocourierwp/product-category/posters/index.html]
[event-theme.com/themes/gocourierwp/wp-json/oembed/1.0/embedda34]
[event-theme.com/themes/gocourierwp/product/woo-ninja-3/indexc989.html]
[event-theme.com/themes/gocourierwp/product/flying-ninja/index.html]
[event-theme.com/themes/gocourierwp/wp-content/uploads/2013/06/T_4_front1-1-600x600.jpg]
[event-theme.com/themes/gocourierwp/product/premium-quality-2/index.html]
[event-theme.com/themes/gocourierwp/product/premium-quality-2/feed/index.html]
[event-theme.com/themes/gocourierwp/2017/02/index.html]
[event-theme.com/themes/gocourierwp/product/woo-ninja-3/indexda5b.html]
[event-theme.com/themes/gocourierwp/product/woo-ninja-3/index3e8c.html]
[event-theme.com/themes/gocourierwp/2016/05/index.html]
[event-theme.com/themes/gocourierwp/product/premium-quality-2/indexda5b.html]
[event-theme.com/themes/gocourierwp/product/premium-quality-2/index4178.html]
[event-theme.com/themes/gocourierwp/category/uncategorized/index.html]
[event-theme.com/themes/gocourierwp/product/premium-quality-2/indexd223.html]
[event-theme.com/themes/gocourierwp/category/uncategorized/feed/index.html]
[event-theme.com/themes/gocourierwp/2017/index.html]
[event-theme.com/themes/gocourierwp/2016/index.html]
[event-theme.com/themes/gocourierwp/product/premium-quality-2/indexc989.html]
[event-theme.com/themes/gocourierwp/wp-admin/load-scripts1e37.php]
[event-theme.com/themes/gocourierwp/wp-login.html]
[event-theme.com/themes/gocourierwp/wp-admin/load-styles6c4d.css]
[event-theme.com/themes/gocourierwp/wp-content/plugins/gocourier-shortcodes/assets/images/swiper/default.png]
[event-theme.com/themes/gocourierwp/wp-content/plugins/gocourier-shortcodes/assets/css/galleries-shortcodes5152.css]
[event-theme.com/themes/gocourierwp/index7b2c.html]
[event-theme.com/themes/gocourierwp/index5e74.html]
[event-theme.com/themes/gocourierwp/index7896.html]
[event-theme.com/themes/gocourierwp/indexb950.html]
[event-theme.com/themes/gocourierwp/indexb998.html]
[event-theme.com/themes/gocourierwp/author/cpadmin/index.html]
[event-theme.com/themes/gocourierwp/indexf167.html]
[event-theme.com/themes/gocourierwp/2016/05/14/hello-world-2/index0e22.html]
[event-theme.com/themes/gocourierwp/indexcff1.html]
[event-theme.com/themes/gocourierwp/author/cpadmin/feed/index.html]
[event-theme.com/themes/gocourierwp/2017/02/27/hello-world/index6809.html]
[event-theme.com/themes/gocourierwp/indexcf9a.html]
[event-theme.com/themes/gocourierwp/indexc39e.html]
[event-theme.com/themes/gocourierwp/2016/05/10/hello-world-2-2/index3094.html]
[event-theme.com/themes/gocourierwp/index2fa7.html]
[event-theme.com/themes/gocourierwp/wp-content/uploads/2013/06/cd_1_angle-1.jpg]
[event-theme.com/themes/gocourierwp/shop/feed/index.html]
[event-theme.com/themes/gocourierwp/wp-content/uploads/2013/06/hoodie_1_back-1.jpg]
[event-theme.com/themes/gocourierwp/wp-content/uploads/2013/06/Poster_5_flat-1.jpg]
[event-theme.com/themes/gocourierwp/shop/index.html]
[event-theme.com/themes/gocourierwp/product/happy-ninja/index.html]
[event-theme.com/themes/gocourierwp/shop/indexda5b.html]
[event-theme.com/themes/gocourierwp/shop/index4b17.html]
[event-theme.com/themes/gocourierwp/product-category/clothing/t-shirts/index.html]
[event-theme.com/themes/gocourierwp/product-category/clothing/index.html]
[event-theme.com/themes/gocourierwp/wp-json/oembed/1.0/embed1131.json]
[event-theme.com/themes/gocourierwp/product/happy-ninja-2/index.html]
[event-theme.com/themes/gocourierwp/wp-json/oembed/1.0/embedf74f]
[event-theme.com/themes/gocourierwp/product-category/clothing/hoodies/index.html]
[event-theme.com/themes/gocourierwp/wp-content/uploads/2013/06/cd_2_angle-1-600x600.jpg]
[event-theme.com/themes/gocourierwp/shop/indexb4c4.html]
[event-theme.com/themes/gocourierwp/product/ninja-silhouette-2/index.html]
[event-theme.com/themes/gocourierwp/wp-content/uploads/2013/06/T_1_front.jpg]
[event-theme.com/themes/gocourierwp/product/woo-logo-3/index.html]
[event-theme.com/themes/gocourierwp/shop/index24c8.html]
[event-theme.com/themes/gocourierwp/product/ninja-silhouette/index.html]
[event-theme.com/themes/gocourierwp/product/woo-ninja-3/index4178.html]
[event-theme.com/themes/gocourierwp/product/patient-ninja/index.html]
[event-theme.com/themes/gocourierwp/shop/index7996.html]
[event-theme.com/themes/gocourierwp/product-category/posters/index.html]
[event-theme.com/themes/gocourierwp/product/premium-quality/index.html]
[event-theme.com/themes/gocourierwp/shop/index63f7.html]
[event-theme.com/themes/gocourierwp/shop/indexb29f.html]
[event-theme.com/themes/gocourierwp/shop/indexc989.html]
[event-theme.com/themes/gocourierwp/wp-json/oembed/1.0/embed5f0c.json]
[event-theme.com/themes/gocourierwp/shop/index3e8c.html]
[event-theme.com/themes/gocourierwp/shop/page/2/index.html]
[event-theme.com/themes/gocourierwp/product/woo-logo-3/feed/index.html]
[event-theme.com/themes/gocourierwp/wp-json/oembed/1.0/embeddb9b]
[event-theme.com/themes/gocourierwp/wp-content/uploads/2013/06/T_6_front-1-600x600.jpg]
[event-theme.com/themes/gocourierwp/product/ship-your-idea-3/index.html]
[event-theme.com/themes/gocourierwp/shop/page/3/index.html]
[event-theme.com/themes/gocourierwp/product/woo-logo-3/indexda5b.html]
[event-theme.com/themes/gocourierwp/product/woo-ninja-3/indexc989.html]
[event-theme.com/themes/gocourierwp/product/woo-logo-3/index3e8c.html]
[event-theme.com/themes/gocourierwp/product/woo-logo-3/indexd223.html]
[event-theme.com/themes/gocourierwp/product-category/posters/feed/index.html]
[event-theme.com/themes/gocourierwp/product/woo-logo-3/indexc989.html]
[event-theme.com/themes/gocourierwp/wp-json/oembed/1.0/embedc3fb.json]
[event-theme.com/themes/gocourierwp/cart/index.html]
[event-theme.com/themes/gocourierwp/wp-json/oembed/1.0/embed1205]
[event-theme.com/themes/gocourierwp/product-category/posters/indexda5b.html]
[event-theme.com/themes/gocourierwp/wp-content/uploads/2013/06/T_2_front-1-600x600.jpg]
[event-theme.com/themes/gocourierwp/product/flying-ninja/index.html]
[event-theme.com/themes/gocourierwp/product-category/posters/index3e8c.html]
[event-theme.com/themes/gocourierwp/product/ship-your-idea-3/feed/index.html]
[event-theme.com/themes/gocourierwp/product/woo-ninja-3/indexda5b.html]
[event-theme.com/themes/gocourierwp/product-category/posters/indexc989.html]
[event-theme.com/themes/gocourierwp/product/woo-ninja-3/index3e8c.html]
[event-theme.com/themes/gocourierwp/product-category/posters/indexd223.html]
[event-theme.com/themes/gocourierwp/product-category/posters/index4178.html]
[event-theme.com/themes/gocourierwp/indexf488.html]
[event-theme.com/themes/gocourierwp/product/ship-your-idea-3/index4178.html]
[event-theme.com/themes/gocourierwp/product/flying-ninja/feed/index.html]
[event-theme.com/themes/gocourierwp/product/premium-quality-2/index4178.html]
[event-theme.com/themes/gocourierwp/product/ship-your-idea-3/indexda5b.html]
[event-theme.com/themes/gocourierwp/product/premium-quality-2/indexda5b.html]
[event-theme.com/themes/gocourierwp/product/ship-your-idea-3/indexd223.html]
[event-theme.com/themes/gocourierwp/product/ship-your-idea-3/index3e8c.html]
[event-theme.com/themes/gocourierwp/product/premium-quality-2/indexd223.html]
[event-theme.com/themes/gocourierwp/product/flying-ninja/index4178.html]
[event-theme.com/themes/gocourierwp/product/premium-quality-2/indexc989.html]
[event-theme.com/themes/gocourierwp/2017/index.html]
[event-theme.com/themes/gocourierwp/2016/index.html]
[event-theme.com/themes/gocourierwp/product/flying-ninja/indexd223.html]
[event-theme.com/themes/gocourierwp/wp-includes/fonts/dashicons.eot]
[event-theme.com/themes/gocourierwp/wp-admin/images/loading.gif]
[event-theme.com/themes/gocourierwp/wp-admin/images/w-logo-blue7a53.png]
[event-theme.com/themes/gocourierwp/wp-admin/load-styles6c4d.css]
[event-theme.com/themes/gocourierwp/wp-content/themes/gocourier/admin/assets/css/custom_admin_style5010.css]
[event-theme.com/themes/gocourierwp/shop/indexda5b.html]
[event-theme.com/themes/gocourierwp/product/flying-ninja/index3e8c.html]
[event-theme.com/themes/gocourierwp/wp-json/oembed/1.0/embedc7c6.json]
[event-theme.com/themes/gocourierwp/product/happy-ninja/feed/index.html]
[event-theme.com/themes/gocourierwp/wp-json/oembed/1.0/embedfb8f]
[event-theme.com/themes/gocourierwp/product/flying-ninja/indexc989.html]
[event-theme.com/themes/gocourierwp/wp-content/uploads/2013/06/cd_1_angle-1-600x600.jpg]
[event-theme.com/themes/gocourierwp/wp-content/uploads/2013/06/poster_5_up-1.jpg]
[event-theme.com/themes/gocourierwp/product/happy-ninja/index.html]
[event-theme.com/themes/gocourierwp/product/happy-ninja/index24c8.html]
[event-theme.com/themes/gocourierwp/shop/index4b17.html]
[event-theme.com/themes/gocourierwp/product/happy-ninja/index8992.html]
[event-theme.com/themes/gocourierwp/product/woo-logo/index.html]
[event-theme.com/themes/gocourierwp/product-category/clothing/index.html]
[event-theme.com/themes/gocourierwp/product-category/clothing/feed/index.html]
[event-theme.com/themes/gocourierwp/product/happy-ninja/indexb29f.html]
[event-theme.com/themes/gocourierwp/product/happy-ninja/index63f7.html]
[event-theme.com/themes/gocourierwp/wp-content/uploads/2013/06/maxresdefault.jpg]
[event-theme.com/themes/gocourierwp/product-category/clothing/t-shirts/index.html]
[event-theme.com/themes/gocourierwp/product-category/clothing/index4b17.html]
[event-theme.com/themes/gocourierwp/product-category/clothing/indexb4c4.html]
[event-theme.com/themes/gocourierwp/product-category/clothing/index24c8.html]
[event-theme.com/themes/gocourierwp/wp-json/oembed/1.0/embed5c8d.json]
[event-theme.com/themes/gocourierwp/product-category/clothing/index7996.html]
[event-theme.com/themes/gocourierwp/wp-json/oembed/1.0/embed6e78]
[event-theme.com/themes/gocourierwp/product-category/clothing/index63f7.html]
[event-theme.com/themes/gocourierwp/wp-content/uploads/2013/06/hoodie_1_back-1-600x600.jpg]
[event-theme.com/themes/gocourierwp/product/happy-ninja-2/index.html]
[event-theme.com/themes/gocourierwp/product/ship-your-idea-2/index.html]
[event-theme.com/themes/gocourierwp/product-category/clothing/indexb29f.html]
[event-theme.com/themes/gocourierwp/shop/indexb4c4.html]
[event-theme.com/themes/gocourierwp/product/ship-your-idea/index.html]
[event-theme.com/themes/gocourierwp/product-category/clothing/t-shirts/feed/index.html]
[event-theme.com/themes/gocourierwp/product-category/clothing/hoodies/index.html]
[event-theme.com/themes/gocourierwp/product/woo-logo-2/index.html]
[event-theme.com/themes/gocourierwp/product-category/clothing/page/2/index.html]
[event-theme.com/themes/gocourierwp/product-category/clothing/indexbcbf.html]
[event-theme.com/themes/gocourierwp/wp-json/oembed/1.0/embed6921.json]
[event-theme.com/themes/gocourierwp/product-category/clothing/t-shirts/index4b17.html]
[event-theme.com/themes/gocourierwp/product-category/clothing/t-shirts/indexb29f.html]
[event-theme.com/themes/gocourierwp/product-category/clothing/t-shirts/index7996.html]
[event-theme.com/themes/gocourierwp/wp-json/oembed/1.0/embed719a]
[event-theme.com/themes/gocourierwp/product/happy-ninja-2/feed/index.html]
[event-theme.com/themes/gocourierwp/wp-content/uploads/2013/06/hoodie_1_front-1-600x600.jpg]
[event-theme.com/themes/gocourierwp/product/ninja-silhouette-2/index.html]
[event-theme.com/themes/gocourierwp/product-category/clothing/t-shirts/index8992.html]
[event-theme.com/themes/gocourierwp/shop/index24c8.html]
[event-theme.com/themes/gocourierwp/product/woo-ninja/index.html]
[event-theme.com/themes/gocourierwp/product/happy-ninja-2/indexb29f.html]
[event-theme.com/themes/gocourierwp/product-category/clothing/hoodies/feed/index.html]
[event-theme.com/themes/gocourierwp/product-category/clothing/t-shirts/indexea61.html]
[event-theme.com/themes/gocourierwp/product/happy-ninja-2/indexbcbf.html]
[event-theme.com/themes/gocourierwp/wp-json/oembed/1.0/embed6b52.json]
[event-theme.com/themes/gocourierwp/wp-json/oembed/1.0/embed7816]
[event-theme.com/themes/gocourierwp/product/ninja-silhouette/index.html]
[event-theme.com/themes/gocourierwp/product/happy-ninja-2/index63f7.html]
[event-theme.com/themes/gocourierwp/product-category/clothing/hoodies/indexb4c4.html]
[event-theme.com/themes/gocourierwp/shop/index7996.html]
[event-theme.com/themes/gocourierwp/product-category/clothing/hoodies/index24c8.html]
[event-theme.com/themes/gocourierwp/product-category/clothing/hoodies/index63f7.html]
[event-theme.com/themes/gocourierwp/product-category/clothing/hoodies/indexbcbf.html]
[event-theme.com/themes/gocourierwp/product/ninja-silhouette-2/feed/index.html]
[event-theme.com/themes/gocourierwp/wp-json/oembed/1.0/embedc1dc.json]
[event-theme.com/themes/gocourierwp/product/woo-ninja-2/index.html]
[event-theme.com/themes/gocourierwp/product-category/clothing/hoodies/index35f5.html]
[event-theme.com/themes/gocourierwp/wp-json/oembed/1.0/embed5f12]
[event-theme.com/themes/gocourierwp/product/ninja-silhouette/feed/index.html]
[event-theme.com/themes/gocourierwp/wp-content/uploads/2013/06/Poster_5_flat-1-600x600.jpg]
[event-theme.com/themes/gocourierwp/product/patient-ninja/index.html]
[event-theme.com/themes/gocourierwp/product/ninja-silhouette-2/index35f5.html]
[event-theme.com/themes/gocourierwp/shop/index63f7.html]
[event-theme.com/themes/gocourierwp/product/ninja-silhouette-2/indexb29f.html]
[event-theme.com/themes/gocourierwp/product/ninja-silhouette-2/indexb4c4.html]
[event-theme.com/themes/gocourierwp/product/ninja-silhouette/index63f7.html]
[event-theme.com/themes/gocourierwp/wp-json/oembed/1.0/embed7604.json]
[event-theme.com/themes/gocourierwp/product/ninja-silhouette/index35f5.html]
[event-theme.com/themes/gocourierwp/product/patient-ninja/feed/index.html]
[event-theme.com/themes/gocourierwp/product/ninja-silhouette/indexb4c4.html]
[event-theme.com/themes/gocourierwp/wp-json/oembed/1.0/embed84d0]
[event-theme.com/themes/gocourierwp/product/premium-quality/index.html]
[event-theme.com/themes/gocourierwp/product/ninja-silhouette/index8992.html]
[event-theme.com/themes/gocourierwp/product/patient-ninja/index35f5.html]
[event-theme.com/themes/gocourierwp/product/patient-ninja/index24c8.html]
[event-theme.com/themes/gocourierwp/shop/indexb29f.html]
[event-theme.com/themes/gocourierwp/product/patient-ninja/index7996.html]
[event-theme.com/themes/gocourierwp/product/premium-quality/feed/index.html]
[event-theme.com/themes/gocourierwp/shop/index3e8c.html]
[event-theme.com/themes/gocourierwp/product/patient-ninja/indexb4c4.html]
[event-theme.com/themes/gocourierwp/shop/indexc989.html]
[event-theme.com/themes/gocourierwp/wp-content/uploads/2013/06/cd_1_flat-1.jpg]
[event-theme.com/themes/gocourierwp/product/premium-quality/index63f7.html]
[event-theme.com/themes/gocourierwp/product/premium-quality/index4b17.html]
[event-theme.com/themes/gocourierwp/product/premium-quality/index8992.html]
[event-theme.com/themes/gocourierwp/wp-content/uploads/2013/06/T_4_back-1.d1.delayed]
[event-theme.com/themes/gocourierwp/product/woo-album-1/index.html]
[event-theme.com/themes/gocourierwp/wp-content/uploads/2013/06/hoodie_2_front-1.jpg]
[event-theme.com/themes/gocourierwp/shop/page/2/index.html]
[event-theme.com/themes/gocourierwp/product-category/music/index.html]
[event-theme.com/themes/gocourierwp/product-category/music/albums/index.html]
[event-theme.com/themes/gocourierwp/shop/page/2/indexb133.html]
[event-theme.com/themes/gocourierwp/product/woo-album-2/index.html]
[event-theme.com/themes/gocourierwp/wp-content/uploads/2013/06/T_7_back-1.jpg]
[event-theme.com/themes/gocourierwp/shop/page/2/index5497.html]
[event-theme.com/themes/gocourierwp/product/woo-album-3/index.html]
[event-theme.com/themes/gocourierwp/wp-content/uploads/2013/06/T_7_front-1.jpg]
[event-theme.com/themes/gocourierwp/shop/page/3/index.html]
[event-theme.com/themes/gocourierwp/product/woo-album-4/index.html]
[event-theme.com/themes/gocourierwp/shop/page/2/index0aaa.html]
[event-theme.com/themes/gocourierwp/index1611.html]
[event-theme.com/themes/gocourierwp/shop/page/2/indexbcbf.html]
[event-theme.com/themes/gocourierwp/product/woo-logo-3/indexda5b.html]
[event-theme.com/themes/gocourierwp/shop/page/2/indexab09.html]
[event-theme.com/themes/gocourierwp/shop/page/2/index8992.html]
[event-theme.com/themes/gocourierwp/product/woo-logo-3/indexc989.html]
[event-theme.com/themes/gocourierwp/shop/page/2/index4178.html]
[event-theme.com/themes/gocourierwp/shop/page/3/indexd223.html]
[event-theme.com/themes/gocourierwp/product/woo-logo-3/indexd223.html]
[event-theme.com/themes/gocourierwp/shop/page/3/index35f5.html]
[event-theme.com/themes/gocourierwp/shop/page/3/indexea61.html]
[event-theme.com/themes/gocourierwp/product/woo-logo-3/index3e8c.html]
[event-theme.com/themes/gocourierwp/product/woo-single-1/index.html]
[event-theme.com/themes/gocourierwp/product/woo-single-2/index.html]
[event-theme.com/themes/gocourierwp/product-category/music/singles/index.html]
[event-theme.com/themes/gocourierwp/shop/page/3/indexec36.html]
[event-theme.com/themes/gocourierwp/wp-json/oembed/1.0/embed3228.json]
[event-theme.com/themes/gocourierwp/shop/page/3/index38dc.html]
[event-theme.com/themes/gocourierwp/wp-json/oembed/1.0/embeddb17]
[event-theme.com/themes/gocourierwp/wp-content/uploads/2013/06/cd_2_angle-1-300x300.jpg]
[event-theme.com/themes/gocourierwp/wp-content/uploads/2013/06/T_6_front-1-300x300.jpg]
[event-theme.com/themes/gocourierwp/wp-content/uploads/2013/06/T_2_front-1-300x300.jpg]
[event-theme.com/themes/gocourierwp/wp-content/uploads/2013/06/T_4_front1-1-300x300.jpg]
[event-theme.com/themes/gocourierwp/wp-content/uploads/2013/06/T_5_front-1-300x300.jpg]
[event-theme.com/themes/gocourierwp/wp-content/uploads/2013/06/cd_1_angle-1-300x300.jpg]
[event-theme.com/themes/gocourierwp/wp-content/uploads/2013/06/hoodie_1_back-1-300x300.jpg]
[event-theme.com/themes/gocourierwp/wp-content/uploads/2013/06/hoodie_1_front-1-300x300.jpg]
[event-theme.com/themes/gocourierwp/wp-content/uploads/2013/06/Poster_5_flat-1-300x300.jpg]
[event-theme.com/themes/gocourierwp/wp-content/plugins/woocommerce/assets/js/frontend/country-select.min3d36.js]
[event-theme.com/themes/gocourierwp/wp-content/plugins/woocommerce/assets/js/frontend/address-i18n.min3d36.js]
[event-theme.com/themes/gocourierwp/cart/index.html]
[event-theme.com/themes/gocourierwp/wp-content/plugins/woocommerce/assets/js/frontend/cart.min3d36.js]
[event-theme.com/themes/gocourierwp/product-category/posters/indexda5b.html]
[event-theme.com/themes/gocourierwp/product-category/posters/index3e8c.html]
[event-theme.com/themes/gocourierwp/product-category/posters/indexc989.html]
[event-theme.com/themes/gocourierwp/checkout/index.html]
[event-theme.com/themes/gocourierwp/product-category/posters/index4178.html]
[event-theme.com/themes/gocourierwp/product-category/posters/indexd223.html]
[event-theme.com/themes/gocourierwp/index421d.html]
[event-theme.com/themes/gocourierwp/product/ship-your-idea-3/index4178.html]
[event-theme.com/themes/gocourierwp/product/ship-your-idea-3/indexda5b.html]
[event-theme.com/themes/gocourierwp/product/ship-your-idea-3/indexd223.html]
[event-theme.com/themes/gocourierwp/product/ship-your-idea-3/index3e8c.html]
[event-theme.com/themes/gocourierwp/indexbe3b.html]
[event-theme.com/themes/gocourierwp/product/flying-ninja/index4178.html]
[event-theme.com/themes/gocourierwp/product/flying-ninja/indexd223.html]
[event-theme.com/themes/gocourierwp/product/flying-ninja/index3e8c.html]
[event-theme.com/themes/gocourierwp/product/flying-ninja/indexc989.html]
[event-theme.com/themes/gocourierwp/wp-admin/images/wordpress-logo7d6b.svg]
[event-theme.com/themes/gocourierwp/indexc094.html]
[event-theme.com/themes/gocourierwp/product/happy-ninja/indexb29f.html]
[event-theme.com/themes/gocourierwp/product/happy-ninja/index24c8.html]
[event-theme.com/themes/gocourierwp/product/woo-logo/feed/index.html]
[event-theme.com/themes/gocourierwp/wp-json/oembed/1.0/embed8d06.json]
[event-theme.com/themes/gocourierwp/wp-json/oembed/1.0/embed2aff]
[event-theme.com/themes/gocourierwp/wp-content/uploads/2013/06/poster_5_up-1-600x600.jpg]
[event-theme.com/themes/gocourierwp/product/woo-logo/index.html]
[event-theme.com/themes/gocourierwp/product/happy-ninja/indexbcbf.html]
[event-theme.com/themes/gocourierwp/product/happy-ninja/index35f5.html]
[event-theme.com/themes/gocourierwp/product/happy-ninja/index8992.html]
[event-theme.com/themes/gocourierwp/product/happy-ninja/indexea61.html]
[event-theme.com/themes/gocourierwp/product/woo-logo/indexbcbf.html]
[event-theme.com/themes/gocourierwp/product/happy-ninja/index63f7.html]
[event-theme.com/themes/gocourierwp/product/woo-logo/index24c8.html]
[event-theme.com/themes/gocourierwp/product/woo-logo/indexea61.html]
[event-theme.com/themes/gocourierwp/product-category/clothing/index4b17.html]
[event-theme.com/themes/gocourierwp/product-category/clothing/indexb4c4.html]
[event-theme.com/themes/gocourierwp/product-category/clothing/index24c8.html]
[event-theme.com/themes/gocourierwp/product-category/clothing/index7996.html]
[event-theme.com/themes/gocourierwp/product-category/clothing/index63f7.html]
[event-theme.com/themes/gocourierwp/product-category/clothing/indexb29f.html]
[event-theme.com/themes/gocourierwp/product/woo-logo/indexb29f.html]
[event-theme.com/themes/gocourierwp/wp-json/oembed/1.0/embed62a5.json]
[event-theme.com/themes/gocourierwp/product/ship-your-idea/feed/index.html]
[event-theme.com/themes/gocourierwp/product/happy-ninja/indexb4c4.html]
[event-theme.com/themes/gocourierwp/wp-json/oembed/1.0/embedd1b3]
[event-theme.com/themes/gocourierwp/wp-content/uploads/2013/06/T_3_front-1-600x600.jpg]
[event-theme.com/themes/gocourierwp/wp-includes/js/underscore.min4511.js]
[event-theme.com/themes/gocourierwp/wp-includes/js/wp-util.min5010.js]
[event-theme.com/themes/gocourierwp/product/happy-ninja/index7996.html]
[event-theme.com/themes/gocourierwp/wp-content/plugins/woocommerce/assets/js/frontend/add-to-cart-variation.min3d36.js]
[event-theme.com/themes/gocourierwp/product/ship-your-idea/index.html]
[event-theme.com/themes/gocourierwp/product/ship-your-idea-2/feed/index.html]
[event-theme.com/themes/gocourierwp/wp-json/oembed/1.0/embed583b.json]
[event-theme.com/themes/gocourierwp/wp-json/oembed/1.0/embed6a05]
[event-theme.com/themes/gocourierwp/product/ship-your-idea-2/index.html]
[event-theme.com/themes/gocourierwp/product/ship-your-idea/indexbcbf.html]
[event-theme.com/themes/gocourierwp/product/ship-your-idea/index63f7.html]
[event-theme.com/themes/gocourierwp/product/ship-your-idea/indexb4c4.html]
[event-theme.com/themes/gocourierwp/wp-json/oembed/1.0/embed67b6.json]
[event-theme.com/themes/gocourierwp/product/ship-your-idea-2/indexea61.html]
[event-theme.com/themes/gocourierwp/wp-json/oembed/1.0/embedb1b4]
[event-theme.com/themes/gocourierwp/product/woo-logo-2/index.html]
[event-theme.com/themes/gocourierwp/product/woo-logo-2/feed/index.html]
[event-theme.com/themes/gocourierwp/product-category/clothing/indexbcbf.html]
[event-theme.com/themes/gocourierwp/product/ship-your-idea-2/indexb4c4.html]
[event-theme.com/themes/gocourierwp/product/ship-your-idea-2/indexbcbf.html]
[event-theme.com/themes/gocourierwp/product-category/clothing/page/2/index.html]
[event-theme.com/themes/gocourierwp/product/ship-your-idea-2/index24c8.html]
[event-theme.com/themes/gocourierwp/product/woo-logo-2/index8992.html]
[event-theme.com/themes/gocourierwp/product-category/clothing/t-shirts/index4b17.html]
[event-theme.com/themes/gocourierwp/product/woo-logo-2/index7996.html]
[event-theme.com/themes/gocourierwp/product/woo-logo-2/index4b17.html]
[event-theme.com/themes/gocourierwp/product-category/clothing/t-shirts/index7996.html]
[event-theme.com/themes/gocourierwp/product-category/clothing/t-shirts/indexb29f.html]
[event-theme.com/themes/gocourierwp/product-category/clothing/t-shirts/index8992.html]
[event-theme.com/themes/gocourierwp/product/woo-ninja/feed/index.html]
[event-theme.com/themes/gocourierwp/product-category/clothing/page/2/index8992.html]
[event-theme.com/themes/gocourierwp/wp-json/oembed/1.0/embed63d0.json]
[event-theme.com/themes/gocourierwp/product-category/clothing/page/2/index35f5.html]
[event-theme.com/themes/gocourierwp/wp-json/oembed/1.0/embed3b5c]
[event-theme.com/themes/gocourierwp/wp-content/uploads/2013/06/maxresdefault-600x338.jpg]
[event-theme.com/themes/gocourierwp/product/woo-ninja/index.html]
[event-theme.com/themes/gocourierwp/product-category/clothing/page/2/indexea61.html]
[event-theme.com/themes/gocourierwp/product-category/clothing/t-shirts/indexea61.html]
[event-theme.com/themes/gocourierwp/product/woo-ninja/index7996.html]
[event-theme.com/themes/gocourierwp/indexd5db.html]
[event-theme.com/themes/gocourierwp/product/happy-ninja-2/indexb29f.html]
[event-theme.com/themes/gocourierwp/product/woo-ninja/index35f5.html]
[event-theme.com/themes/gocourierwp/product/woo-ninja/index4b17.html]
[event-theme.com/themes/gocourierwp/product/happy-ninja-2/index63f7.html]
[event-theme.com/themes/gocourierwp/product/woo-ninja/indexb29f.html]
[event-theme.com/themes/gocourierwp/product/happy-ninja-2/indexbcbf.html]
[event-theme.com/themes/gocourierwp/product/happy-ninja-2/index24c8.html]
[event-theme.com/themes/gocourierwp/product/happy-ninja-2/index35f5.html]
[event-theme.com/themes/gocourierwp/product-category/clothing/hoodies/indexb4c4.html]
[event-theme.com/themes/gocourierwp/product/happy-ninja-2/index4b17.html]
[event-theme.com/themes/gocourierwp/product-category/clothing/hoodies/index24c8.html]
[event-theme.com/themes/gocourierwp/product-category/clothing/hoodies/index63f7.html]
[event-theme.com/themes/gocourierwp/product-category/clothing/hoodies/indexbcbf.html]
[event-theme.com/themes/gocourierwp/product/happy-ninja-2/index7996.html]
[event-theme.com/themes/gocourierwp/wp-json/oembed/1.0/embed69dd.json]
[event-theme.com/themes/gocourierwp/product/woo-ninja-2/feed/index.html]
[event-theme.com/themes/gocourierwp/product/happy-ninja-2/index8992.html]
[event-theme.com/themes/gocourierwp/product/woo-ninja-2/index.html]
[event-theme.com/themes/gocourierwp/wp-json/oembed/1.0/embed6afb]
[event-theme.com/themes/gocourierwp/product/happy-ninja-2/indexea61.html]
[event-theme.com/themes/gocourierwp/product-category/clothing/hoodies/index35f5.html]
[event-theme.com/themes/gocourierwp/product/woo-ninja-2/indexb4c4.html]
[event-theme.com/themes/gocourierwp/indexee5b.html]
[event-theme.com/themes/gocourierwp/product/ninja-silhouette-2/indexb29f.html]
[event-theme.com/themes/gocourierwp/product/woo-ninja-2/index7996.html]
[event-theme.com/themes/gocourierwp/product/woo-ninja-2/index24c8.html]
[event-theme.com/themes/gocourierwp/product/ninja-silhouette-2/index35f5.html]
[event-theme.com/themes/gocourierwp/product/woo-ninja-2/index63f7.html]
[event-theme.com/themes/gocourierwp/product/ninja-silhouette-2/indexbcbf.html]
[event-theme.com/themes/gocourierwp/product/ninja-silhouette-2/indexb4c4.html]
[event-theme.com/themes/gocourierwp/product/ninja-silhouette-2/index8992.html]
[event-theme.com/themes/gocourierwp/indexd7c9.html]
[event-theme.com/themes/gocourierwp/product/ninja-silhouette/index63f7.html]
[event-theme.com/themes/gocourierwp/product/ninja-silhouette-2/indexea61.html]
[event-theme.com/themes/gocourierwp/product/ninja-silhouette/indexb4c4.html]
[event-theme.com/themes/gocourierwp/product/ninja-silhouette-2/index63f7.html]
[event-theme.com/themes/gocourierwp/product/ninja-silhouette-2/index7996.html]
[event-theme.com/themes/gocourierwp/product/ninja-silhouette/index35f5.html]
[event-theme.com/themes/gocourierwp/product/ninja-silhouette/index8992.html]
[event-theme.com/themes/gocourierwp/index156c.html]
[event-theme.com/themes/gocourierwp/product/patient-ninja/index7996.html]
[event-theme.com/themes/gocourierwp/product/ninja-silhouette/index24c8.html]
[event-theme.com/themes/gocourierwp/product/ninja-silhouette/indexbcbf.html]
[event-theme.com/themes/gocourierwp/product/patient-ninja/index35f5.html]
[event-theme.com/themes/gocourierwp/product/ninja-silhouette/indexb29f.html]
[event-theme.com/themes/gocourierwp/product/patient-ninja/index24c8.html]
[event-theme.com/themes/gocourierwp/product/patient-ninja/indexea61.html]
[event-theme.com/themes/gocourierwp/product/patient-ninja/indexb4c4.html]
[event-theme.com/themes/gocourierwp/product/patient-ninja/indexbcbf.html]
[event-theme.com/themes/gocourierwp/indexf3dd.html]
[event-theme.com/themes/gocourierwp/product/premium-quality/index4b17.html]
[event-theme.com/themes/gocourierwp/product/patient-ninja/indexb29f.html]
[event-theme.com/themes/gocourierwp/product/premium-quality/index63f7.html]
[event-theme.com/themes/gocourierwp/product/patient-ninja/index8992.html]
[event-theme.com/themes/gocourierwp/product/patient-ninja/index4b17.html]
[event-theme.com/themes/gocourierwp/product/premium-quality/index8992.html]
[event-theme.com/themes/gocourierwp/product/premium-quality/indexbcbf.html]
[event-theme.com/themes/gocourierwp/product/premium-quality/index24c8.html]
[event-theme.com/themes/gocourierwp/wp-json/oembed/1.0/embed861c.json]
[event-theme.com/themes/gocourierwp/product/woo-album-1/feed/index.html]
[event-theme.com/themes/gocourierwp/product/premium-quality/index7996.html]
[event-theme.com/themes/gocourierwp/wp-json/oembed/1.0/embedd9e2]
[event-theme.com/themes/gocourierwp/wp-content/uploads/2013/06/cd_1_flat-1-600x600.jpg]
[event-theme.com/themes/gocourierwp/wp-content/uploads/2013/06/T_4_front.jpg]
[event-theme.com/themes/gocourierwp/product/woo-album-1/index.html]
[event-theme.com/themes/gocourierwp/product/premium-quality/indexb4c4.html]
[event-theme.com/themes/gocourierwp/shop/page/2/indexb133.html]
[event-theme.com/themes/gocourierwp/product/premium-quality/indexea61.html]
[event-theme.com/themes/gocourierwp/product/woo-album-1/index5497.html]
[event-theme.com/themes/gocourierwp/product-category/music/albums/index.html]
[event-theme.com/themes/gocourierwp/product-category/music/albums/feed/index.html]
[event-theme.com/themes/gocourierwp/product/woo-album-1/indexab09.html]
[event-theme.com/themes/gocourierwp/product/woo-album-1/index38dc.html]
[event-theme.com/themes/gocourierwp/product-category/music/index.html]
[event-theme.com/themes/gocourierwp/product/woo-album-1/indexec36.html]
[event-theme.com/themes/gocourierwp/product-category/music/albums/index5497.html]
[event-theme.com/themes/gocourierwp/product-category/music/albums/indexb133.html]
[event-theme.com/themes/gocourierwp/wp-json/oembed/1.0/embed0031.json]
[event-theme.com/themes/gocourierwp/product-category/music/feed/index.html]
[event-theme.com/themes/gocourierwp/product-category/music/albums/index0aaa.html]
[event-theme.com/themes/gocourierwp/wp-json/oembed/1.0/embedd403]
[event-theme.com/themes/gocourierwp/wp-content/uploads/2013/06/T_4_front1.jpg]
[event-theme.com/themes/gocourierwp/product/woo-album-2/index.html]
[event-theme.com/themes/gocourierwp/product-category/music/albums/indexab09.html]
[event-theme.com/themes/gocourierwp/product-category/music/index0aaa.html]
[event-theme.com/themes/gocourierwp/shop/page/2/index5497.html]
[event-theme.com/themes/gocourierwp/product-category/music/indexb133.html]
[event-theme.com/themes/gocourierwp/product-category/music/index5497.html]
[event-theme.com/themes/gocourierwp/product-category/music/indexab09.html]
[event-theme.com/themes/gocourierwp/product/woo-album-2/feed/index.html]
[event-theme.com/themes/gocourierwp/wp-json/oembed/1.0/embed1af2.json]
[event-theme.com/themes/gocourierwp/wp-json/oembed/1.0/embed186e]
[event-theme.com/themes/gocourierwp/product-category/music/indexec36.html]
[event-theme.com/themes/gocourierwp/wp-content/uploads/2013/06/T_4_back-1-600x600.jpg]
[event-theme.com/themes/gocourierwp/product/woo-album-3/index.html]
[event-theme.com/themes/gocourierwp/product-category/music/index38dc.html]
[event-theme.com/themes/gocourierwp/product/woo-album-2/indexec36.html]
[event-theme.com/themes/gocourierwp/shop/page/2/index0aaa.html]
[event-theme.com/themes/gocourierwp/product/woo-album-3/feed/index.html]
[event-theme.com/themes/gocourierwp/product/woo-album-2/index38dc.html]
[event-theme.com/themes/gocourierwp/wp-json/oembed/1.0/embed9160.json]
[event-theme.com/themes/gocourierwp/product/woo-album-2/indexab09.html]
[event-theme.com/themes/gocourierwp/product/woo-album-2/index0aaa.html]
[event-theme.com/themes/gocourierwp/wp-json/oembed/1.0/embed41d6]
[event-theme.com/themes/gocourierwp/product/woo-album-3/indexab09.html]
[event-theme.com/themes/gocourierwp/wp-content/uploads/2013/06/hoodie_2_front-1-600x600.jpg]
[event-theme.com/themes/gocourierwp/product/woo-album-4/index.html]
[event-theme.com/themes/gocourierwp/product/woo-album-4/feed/index.html]
[event-theme.com/themes/gocourierwp/product/woo-album-3/indexec36.html]
[event-theme.com/themes/gocourierwp/shop/page/2/indexab09.html]
[event-theme.com/themes/gocourierwp/product/woo-album-3/index38dc.html]
[event-theme.com/themes/gocourierwp/shop/page/2/index8992.html]
[event-theme.com/themes/gocourierwp/product/woo-album-3/indexb133.html]
[event-theme.com/themes/gocourierwp/product/woo-album-4/index38dc.html]
[event-theme.com/themes/gocourierwp/shop/page/2/indexbcbf.html]
[event-theme.com/themes/gocourierwp/shop/page/2/index4178.html]
[event-theme.com/themes/gocourierwp/shop/page/1/index.html]
[event-theme.com/themes/gocourierwp/product/woo-album-4/indexb133.html]
[event-theme.com/themes/gocourierwp/shop/page/3/indexd223.html]
[event-theme.com/themes/gocourierwp/shop/page/3/index35f5.html]
[event-theme.com/themes/gocourierwp/shop/page/3/indexea61.html]
[event-theme.com/themes/gocourierwp/product/woo-single-1/feed/index.html]
[event-theme.com/themes/gocourierwp/wp-json/oembed/1.0/embedc82b.json]
[event-theme.com/themes/gocourierwp/product/woo-album-4/index5497.html]
[event-theme.com/themes/gocourierwp/wp-json/oembed/1.0/embedf3e8]
[event-theme.com/themes/gocourierwp/wp-content/uploads/2013/06/T_7_back-1-600x600.jpg]
[event-theme.com/themes/gocourierwp/product/woo-single-1/index.html]
[event-theme.com/themes/gocourierwp/product/woo-album-4/indexec36.html]
[event-theme.com/themes/gocourierwp/shop/page/3/indexec36.html]
[event-theme.com/themes/gocourierwp/product/woo-single-1/index5497.html]
[event-theme.com/themes/gocourierwp/product-category/music/singles/index.html]
[event-theme.com/themes/gocourierwp/product-category/music/singles/feed/index.html]
[event-theme.com/themes/gocourierwp/product/woo-single-1/index0aaa.html]
[event-theme.com/themes/gocourierwp/product/woo-single-1/index38dc.html]
[event-theme.com/themes/gocourierwp/product/woo-single-1/indexab09.html]
[event-theme.com/themes/gocourierwp/wp-json/oembed/1.0/embeda512.json]
[event-theme.com/themes/gocourierwp/product/woo-single-2/feed/index.html]
[event-theme.com/themes/gocourierwp/wp-json/oembed/1.0/embed1f0e]
[event-theme.com/themes/gocourierwp/wp-content/uploads/2013/06/T_7_front-1-600x600.jpg]
[event-theme.com/themes/gocourierwp/product/woo-single-2/index.html]
[event-theme.com/themes/gocourierwp/product-category/music/singles/indexec36.html]
[event-theme.com/themes/gocourierwp/shop/page/3/index38dc.html]
[event-theme.com/themes/gocourierwp/product-category/music/singles/index38dc.html]
[event-theme.com/themes/gocourierwp/product/woo-single-2/indexec36.html]
[event-theme.com/themes/gocourierwp/indexe839.html]
[event-theme.com/themes/gocourierwp/cart/index96b9.html]
[event-theme.com/themes/gocourierwp/product/woo-single-2/indexb133.html]
[event-theme.com/themes/gocourierwp/cart/index6a33.html]
[event-theme.com/themes/gocourierwp/cart/indexa7b8.html]
[event-theme.com/themes/gocourierwp/cart/index7890.html]
[event-theme.com/themes/gocourierwp/cart/index7a8d.html]
[event-theme.com/themes/gocourierwp/cart/indexa882.html]
[event-theme.com/themes/gocourierwp/cart/indexe432.html]
[event-theme.com/themes/gocourierwp/cart/index3eba.html]
[event-theme.com/themes/gocourierwp/cart/index4ba7.html]
[event-theme.com/themes/gocourierwp/cart/index467a.html]
[event-theme.com/themes/gocourierwp/cart/index0d39.html]
[event-theme.com/themes/gocourierwp/wp-json/oembed/1.0/embed402d.json]
[event-theme.com/themes/gocourierwp/product/woo-single-2/indexab09.html]
[event-theme.com/themes/gocourierwp/cart/indexaafe.html]
[event-theme.com/themes/gocourierwp/wp-json/oembed/1.0/embedc82f]
[event-theme.com/themes/gocourierwp/wp-content/plugins/woocommerce/assets/js/frontend/checkout.min3d36.js]
[event-theme.com/themes/gocourierwp/checkout/index.html]
[event-theme.com/themes/gocourierwp/product/happy-ninja/indexbcbf.html]
[event-theme.com/themes/gocourierwp/product/happy-ninja/index35f5.html]
[event-theme.com/themes/gocourierwp/product/happy-ninja/indexea61.html]
[event-theme.com/themes/gocourierwp/product/woo-single-2/index0aaa.html]
[event-theme.com/themes/gocourierwp/index905c.html]
[event-theme.com/themes/gocourierwp/product/woo-logo/indexbcbf.html]
[event-theme.com/themes/gocourierwp/product/woo-logo/indexea61.html]
[event-theme.com/themes/gocourierwp/product/woo-logo/index24c8.html]
[event-theme.com/themes/gocourierwp/product/woo-logo/index35f5.html]
[event-theme.com/themes/gocourierwp/product/woo-logo/indexb29f.html]
[event-theme.com/themes/gocourierwp/product/woo-logo/index63f7.html]
[event-theme.com/themes/gocourierwp/product/woo-logo/index4b17.html]
[event-theme.com/themes/gocourierwp/product/happy-ninja/indexb4c4.html]
[event-theme.com/themes/gocourierwp/product/happy-ninja/index7996.html]
[event-theme.com/themes/gocourierwp/indexba1b.html]
[event-theme.com/themes/gocourierwp/product/ship-your-idea/indexbcbf.html]
[event-theme.com/themes/gocourierwp/product/woo-logo/indexb4c4.html]
[event-theme.com/themes/gocourierwp/product/ship-your-idea/index63f7.html]
[event-theme.com/themes/gocourierwp/product/woo-logo/index7996.html]
[event-theme.com/themes/gocourierwp/product/ship-your-idea/indexb4c4.html]
[event-theme.com/themes/gocourierwp/product/ship-your-idea/index24c8.html]
[event-theme.com/themes/gocourierwp/index5034.html]
[event-theme.com/themes/gocourierwp/product/ship-your-idea-2/indexea61.html]
[event-theme.com/themes/gocourierwp/product/ship-your-idea/index4b17.html]
[event-theme.com/themes/gocourierwp/product/ship-your-idea/index7996.html]
[event-theme.com/themes/gocourierwp/product/ship-your-idea-2/indexbcbf.html]
[event-theme.com/themes/gocourierwp/product/ship-your-idea/indexea61.html]
[event-theme.com/themes/gocourierwp/product/ship-your-idea-2/indexb4c4.html]
[event-theme.com/themes/gocourierwp/product/ship-your-idea-2/indexb29f.html]
[event-theme.com/themes/gocourierwp/product/ship-your-idea-2/index24c8.html]
[event-theme.com/themes/gocourierwp/product/ship-your-idea-2/index8992.html]
[event-theme.com/themes/gocourierwp/indexdc22.html]
[event-theme.com/themes/gocourierwp/product/woo-logo-2/index8992.html]
[event-theme.com/themes/gocourierwp/product/ship-your-idea-2/index4b17.html]
[event-theme.com/themes/gocourierwp/product/ship-your-idea-2/index7996.html]
[event-theme.com/themes/gocourierwp/product/woo-logo-2/index7996.html]
[event-theme.com/themes/gocourierwp/product/woo-logo-2/indexea61.html]
[event-theme.com/themes/gocourierwp/product/woo-logo-2/index4b17.html]
[event-theme.com/themes/gocourierwp/product/ship-your-idea-2/index35f5.html]
[event-theme.com/themes/gocourierwp/product-category/clothing/page/2/index8992.html]
[event-theme.com/themes/gocourierwp/product-category/clothing/page/2/index35f5.html]
[event-theme.com/themes/gocourierwp/product-category/clothing/page/2/indexea61.html]
[event-theme.com/themes/gocourierwp/product-category/clothing/page/1/index.html]
[event-theme.com/themes/gocourierwp/index4659.html]
[event-theme.com/themes/gocourierwp/product/woo-ninja/index35f5.html]
[event-theme.com/themes/gocourierwp/product/woo-logo-2/index24c8.html]
[event-theme.com/themes/gocourierwp/product/woo-ninja/indexb4c4.html]
[event-theme.com/themes/gocourierwp/product/woo-ninja/index4b17.html]
[event-theme.com/themes/gocourierwp/product/woo-logo-2/index35f5.html]
[event-theme.com/themes/gocourierwp/product/woo-logo-2/index63f7.html]
[event-theme.com/themes/gocourierwp/product/woo-ninja/index7996.html]
[event-theme.com/themes/gocourierwp/product/woo-ninja/indexb29f.html]
[event-theme.com/themes/gocourierwp/product/happy-ninja-2/index35f5.html]
[event-theme.com/themes/gocourierwp/product/happy-ninja-2/index4b17.html]
[event-theme.com/themes/gocourierwp/product/happy-ninja-2/index24c8.html]
[event-theme.com/themes/gocourierwp/product/happy-ninja-2/index7996.html]
[event-theme.com/themes/gocourierwp/product/happy-ninja-2/index8992.html]
[event-theme.com/themes/gocourierwp/product/happy-ninja-2/indexea61.html]
[event-theme.com/themes/gocourierwp/index50f6.html]
[event-theme.com/themes/gocourierwp/product/woo-ninja-2/index24c8.html]
[event-theme.com/themes/gocourierwp/product/woo-ninja/indexbcbf.html]
[event-theme.com/themes/gocourierwp/product/woo-ninja-2/index7996.html]
[event-theme.com/themes/gocourierwp/product/woo-ninja-2/indexb4c4.html]
[event-theme.com/themes/gocourierwp/product/woo-ninja/index63f7.html]
[event-theme.com/themes/gocourierwp/product/woo-ninja-2/index63f7.html]
[event-theme.com/themes/gocourierwp/product/ninja-silhouette-2/indexbcbf.html]
[event-theme.com/themes/gocourierwp/product/ninja-silhouette-2/index8992.html]
[event-theme.com/themes/gocourierwp/product/ninja-silhouette-2/index63f7.html]
[event-theme.com/themes/gocourierwp/product/ninja-silhouette-2/indexea61.html]
[event-theme.com/themes/gocourierwp/product/woo-ninja/index8992.html]
[event-theme.com/themes/gocourierwp/product/ninja-silhouette-2/index7996.html]
[event-theme.com/themes/gocourierwp/product/ninja-silhouette/index24c8.html]
[event-theme.com/themes/gocourierwp/product/woo-ninja-2/index4b17.html]
[event-theme.com/themes/gocourierwp/product/ninja-silhouette/indexbcbf.html]
[event-theme.com/themes/gocourierwp/product/ninja-silhouette/indexb29f.html]
[event-theme.com/themes/gocourierwp/product/woo-ninja-2/indexbcbf.html]
[event-theme.com/themes/gocourierwp/product/patient-ninja/indexea61.html]
[event-theme.com/themes/gocourierwp/product/patient-ninja/indexbcbf.html]
[event-theme.com/themes/gocourierwp/product/patient-ninja/indexb29f.html]
[event-theme.com/themes/gocourierwp/product/patient-ninja/index8992.html]
[event-theme.com/themes/gocourierwp/product/patient-ninja/index4b17.html]
[event-theme.com/themes/gocourierwp/product/premium-quality/indexbcbf.html]
[event-theme.com/themes/gocourierwp/product/premium-quality/index24c8.html]
[event-theme.com/themes/gocourierwp/product/ninja-silhouette/index4b17.html]
[event-theme.com/themes/gocourierwp/product/premium-quality/index7996.html]
[event-theme.com/themes/gocourierwp/product/premium-quality/indexb4c4.html]
[event-theme.com/themes/gocourierwp/product/premium-quality/indexea61.html]
[event-theme.com/themes/gocourierwp/indexd7d8.html]
[event-theme.com/themes/gocourierwp/product/woo-album-1/indexab09.html]
[event-theme.com/themes/gocourierwp/product/ninja-silhouette-2/index4b17.html]
[event-theme.com/themes/gocourierwp/product/woo-album-1/index38dc.html]
[event-theme.com/themes/gocourierwp/product/woo-album-1/indexec36.html]
[event-theme.com/themes/gocourierwp/product/woo-album-1/index5497.html]
[event-theme.com/themes/gocourierwp/product-category/music/albums/indexb133.html]
[event-theme.com/themes/gocourierwp/product-category/music/albums/index5497.html]
[event-theme.com/themes/gocourierwp/product-category/music/albums/index0aaa.html]
[event-theme.com/themes/gocourierwp/product-category/music/albums/indexab09.html]
[event-theme.com/themes/gocourierwp/product-category/music/indexb133.html]
[event-theme.com/themes/gocourierwp/product-category/music/index5497.html]
[event-theme.com/themes/gocourierwp/product-category/music/index0aaa.html]
[event-theme.com/themes/gocourierwp/product-category/music/indexab09.html]
[event-theme.com/themes/gocourierwp/product-category/music/indexec36.html]
[event-theme.com/themes/gocourierwp/product-category/music/index38dc.html]
[event-theme.com/themes/gocourierwp/index87e6.html]
[event-theme.com/themes/gocourierwp/product/woo-album-2/indexec36.html]
[event-theme.com/themes/gocourierwp/product/woo-album-2/index38dc.html]
[event-theme.com/themes/gocourierwp/product/ninja-silhouette/indexea61.html]
[event-theme.com/themes/gocourierwp/product/woo-album-2/index0aaa.html]
[event-theme.com/themes/gocourierwp/product/woo-album-2/indexab09.html]
[event-theme.com/themes/gocourierwp/index43b2.html]
[event-theme.com/themes/gocourierwp/product/woo-album-3/indexab09.html]
[event-theme.com/themes/gocourierwp/product/premium-quality/index35f5.html]
[event-theme.com/themes/gocourierwp/product/woo-album-3/index38dc.html]
[event-theme.com/themes/gocourierwp/product/woo-album-3/indexec36.html]
[event-theme.com/themes/gocourierwp/product/woo-album-3/indexb133.html]
[event-theme.com/themes/gocourierwp/index5791.html]
[event-theme.com/themes/gocourierwp/product/woo-album-4/index38dc.html]
[event-theme.com/themes/gocourierwp/product/woo-album-1/index0aaa.html]
[event-theme.com/themes/gocourierwp/product/woo-album-4/indexb133.html]
[event-theme.com/themes/gocourierwp/product/woo-album-4/index5497.html]
[event-theme.com/themes/gocourierwp/product/woo-album-4/indexec36.html]
[event-theme.com/themes/gocourierwp/indexd1a7.html]
[event-theme.com/themes/gocourierwp/product/woo-single-1/index38dc.html]
[event-theme.com/themes/gocourierwp/product/woo-album-2/indexb133.html]
[event-theme.com/themes/gocourierwp/product/woo-single-1/index5497.html]
[event-theme.com/themes/gocourierwp/product/woo-single-1/index0aaa.html]
[event-theme.com/themes/gocourierwp/product/woo-single-1/indexab09.html]
[event-theme.com/themes/gocourierwp/product-category/music/singles/indexec36.html]
[event-theme.com/themes/gocourierwp/product-category/music/singles/index38dc.html]
[event-theme.com/themes/gocourierwp/index8af0.html]
[event-theme.com/themes/gocourierwp/product/woo-single-2/indexb133.html]
[event-theme.com/themes/gocourierwp/product/woo-album-3/index5497.html]
[event-theme.com/themes/gocourierwp/product/woo-single-2/indexec36.html]
[event-theme.com/themes/gocourierwp/product/woo-single-2/indexab09.html]
[event-theme.com/themes/gocourierwp/product/woo-single-2/index0aaa.html]
[event-theme.com/themes/gocourierwp/wp-content/uploads/2013/06/poster_5_up-1-300x300.jpg]
[event-theme.com/themes/gocourierwp/wp-content/uploads/2013/06/maxresdefault-300x300.jpg]
[event-theme.com/themes/gocourierwp/product/woo-album-4/index0aaa.html]
[event-theme.com/themes/gocourierwp/wp-content/uploads/2013/06/T_3_front-1-300x300.10d.delayed]
[event-theme.com/themes/gocourierwp/wp-content/uploads/2013/06/cd_1_flat-1-300x300.jpg]
[event-theme.com/themes/gocourierwp/wp-content/uploads/2013/06/T_4_back-1-300x300.jpg]
[event-theme.com/themes/gocourierwp/product/woo-single-1/indexb133.html]
[event-theme.com/themes/gocourierwp/wp-content/uploads/2013/06/hoodie_2_front-1-300x300.jpg]
[event-theme.com/themes/gocourierwp/wp-content/uploads/2013/06/T_7_back-1-300x300.jpg]
[event-theme.com/themes/gocourierwp/wp-content/uploads/2013/06/T_7_front-1-300x300.jpg]
[event-theme.com/themes/gocourierwp/cart/indexaafe.html]
[event-theme.com/themes/gocourierwp/index04cd.html]
[event-theme.com/themes/gocourierwp/cart/index76f8.html]
[event-theme.com/themes/gocourierwp/cart/index9315.html]
[event-theme.com/themes/gocourierwp/cart/index3f63.html]
[event-theme.com/themes/gocourierwp/cart/indexdf6d.html]
[event-theme.com/themes/gocourierwp/cart/indexab12.html]
[event-theme.com/themes/gocourierwp/cart/index4347.html]
[event-theme.com/themes/gocourierwp/cart/indexf174.html]
[event-theme.com/themes/gocourierwp/cart/index9faa.html]
[event-theme.com/themes/gocourierwp/cart/indexae73.html]
[event-theme.com/themes/gocourierwp/cart/index2d25.html]
[event-theme.com/themes/gocourierwp/product/woo-logo/index35f5.html]
[event-theme.com/themes/gocourierwp/product/woo-logo/index63f7.html]
[event-theme.com/themes/gocourierwp/product/woo-logo/index4b17.html]
[event-theme.com/themes/gocourierwp/product/woo-logo/indexb4c4.html]
[event-theme.com/themes/gocourierwp/product/woo-logo/index7996.html]
[event-theme.com/themes/gocourierwp/product/ship-your-idea/index4b17.html]
[event-theme.com/themes/gocourierwp/product/ship-your-idea/index24c8.html]
[event-theme.com/themes/gocourierwp/product/woo-single-2/index5497.html]
[event-theme.com/themes/gocourierwp/product/ship-your-idea/index7996.html]
[event-theme.com/themes/gocourierwp/product/ship-your-idea/indexea61.html]
[event-theme.com/themes/gocourierwp/product/ship-your-idea-2/indexb29f.html]
[event-theme.com/themes/gocourierwp/product/ship-your-idea-2/index8992.html]
[event-theme.com/themes/gocourierwp/product/ship-your-idea-2/index4b17.html]
[event-theme.com/themes/gocourierwp/product/ship-your-idea-2/index7996.html]
[event-theme.com/themes/gocourierwp/product/ship-your-idea-2/index35f5.html]
[event-theme.com/themes/gocourierwp/product/woo-logo-2/indexea61.html]
[event-theme.com/themes/gocourierwp/product/ship-your-idea/indexb29f.html]
[event-theme.com/themes/gocourierwp/product/woo-logo-2/index24c8.html]
[event-theme.com/themes/gocourierwp/product/woo-logo-2/index35f5.html]
[event-theme.com/themes/gocourierwp/product/ship-your-idea/index8992.html]
[event-theme.com/themes/gocourierwp/product/woo-logo-2/index63f7.html]
[event-theme.com/themes/gocourierwp/product/woo-ninja/indexb4c4.html]
[event-theme.com/themes/gocourierwp/product/ship-your-idea/index35f5.html]
[event-theme.com/themes/gocourierwp/product/woo-ninja/indexbcbf.html]
[event-theme.com/themes/gocourierwp/product/woo-ninja/index8992.html]
[event-theme.com/themes/gocourierwp/product/woo-ninja/index63f7.html]
[event-theme.com/themes/gocourierwp/product/woo-ninja-2/index4b17.html]
[event-theme.com/themes/gocourierwp/product/woo-ninja-2/indexbcbf.html]
[event-theme.com/themes/gocourierwp/product/woo-logo-2/indexb4c4.html]
[event-theme.com/themes/gocourierwp/product/ninja-silhouette-2/index4b17.html]
[event-theme.com/themes/gocourierwp/product/ninja-silhouette/index4b17.html]
[event-theme.com/themes/gocourierwp/product/ninja-silhouette/indexea61.html]
[event-theme.com/themes/gocourierwp/product/premium-quality/index35f5.html]
[event-theme.com/themes/gocourierwp/product/woo-album-1/index0aaa.html]
[event-theme.com/themes/gocourierwp/product/woo-album-2/indexb133.html]
[event-theme.com/themes/gocourierwp/product/woo-album-3/index5497.html]
[event-theme.com/themes/gocourierwp/product/woo-album-4/index0aaa.html]
[event-theme.com/themes/gocourierwp/product/woo-single-1/indexb133.html]
[event-theme.com/themes/gocourierwp/product/woo-single-2/index5497.html]
[event-theme.com/themes/gocourierwp/cart/index6f79.html]
[event-theme.com/themes/gocourierwp/cart/indexcd4f.html]
[event-theme.com/themes/gocourierwp/cart/index9a59.html]
[event-theme.com/themes/gocourierwp/cart/index034d.html]
[event-theme.com/themes/gocourierwp/cart/indexfd1b.html]
[event-theme.com/themes/gocourierwp/cart/index04d8.html]
[event-theme.com/themes/gocourierwp/cart/indexfbd2.html]
[event-theme.com/themes/gocourierwp/cart/index0d00.html]
[event-theme.com/themes/gocourierwp/cart/index62f1.html]
[event-theme.com/themes/gocourierwp/cart/indexa965.html]
[event-theme.com/themes/gocourierwp/cart/indexebdb.html]
[event-theme.com/themes/gocourierwp/cart/indexc109.html]
[event-theme.com/themes/gocourierwp/cart/indexbb97.html]
[event-theme.com/themes/gocourierwp/cart/indexba2f.html]
[event-theme.com/themes/gocourierwp/cart/index88fd.html]
[event-theme.com/themes/gocourierwp/cart/index1532.html]
[event-theme.com/themes/gocourierwp/product/ship-your-idea/index8992.html]
[event-theme.com/themes/gocourierwp/product/ship-your-idea/indexb29f.html]
[event-theme.com/themes/gocourierwp/product/ship-your-idea/index35f5.html]
[event-theme.com/themes/gocourierwp/product/woo-logo-2/indexb4c4.html]
[event-theme.com/themes/gocourierwp/product/woo-logo-2/indexb29f.html]
[event-theme.com/themes/gocourierwp/product/woo-logo-2/indexb29f.html]
[event-theme.com/themes/gocourierwp/product/woo-ninja/index24c8.html]
[event-theme.com/themes/gocourierwp/product/woo-ninja/index24c8.html]
[event-theme.com/themes/gocourierwp/product/woo-ninja-2/indexea61.html]
[event-theme.com/themes/gocourierwp/product/woo-ninja-2/indexea61.html]
[event-theme.com/themes/gocourierwp/cart/index134a.html]
[event-theme.com/themes/gocourierwp/cart/index4a44.html]
[event-theme.com/themes/gocourierwp/cart/indexce40.html]
[event-theme.com/themes/gocourierwp/cart/index9a6c.html]
[event-theme.com/themes/gocourierwp/cart/index5e8f.html]
[event-theme.com/themes/gocourierwp/cart/index6569.html]
[event-theme.com/themes/gocourierwp/cart/indexe564.html]
[event-theme.com/themes/gocourierwp/cart/index4419.html]
[event-theme.com/themes/gocourierwp/cart/indexbdf2.html]
[event-theme.com/themes/gocourierwp/cart/index3b1a.html]
[event-theme.com/themes/gocourierwp/cart/index21a1.html]
[event-theme.com/themes/gocourierwp/cart/index8474.html]
[event-theme.com/themes/gocourierwp/cart/indexb7de.html]
[event-theme.com/themes/gocourierwp/cart/index6039.html]
[event-theme.com/themes/gocourierwp/cart/index3e2c.html]
[event-theme.com/themes/gocourierwp/cart/indexd5e9.html]
